19:05:53 Looking for *.p in C:\Psg-Prog
Compiling A-LIST.P
Compiling A.P
Compiling AR-ACTIV.P
Compiling AR-ADD.P
Compiling AR-ADDP.P
Compiling AR-AGE.P
Compiling AR-CHG.P
Compiling AR-CHGP.P
Compiling AR-COM.P
Compiling AR-DEL.P
Compiling AR-DELHS.P
Compiling AR-DELP.P
Compiling AR-DESP.P
Compiling AR-INQ.P
Compiling AR-POST.P
Compiling AR-RDEX.P
Compiling AR-RDEXP.P
Compiling AR-ROLL.P
Compiling AR-RPT.P
Compiling AR-STATE.P
Compiling AR-SUB.P
Compiling AR-TRF.P
Compiling AR-TRIAL.P
Compiling AR-WINQ.P
Compiling AR-YEND.P
Compiling ARMAIN.P
Compiling B.P
Compiling C-LIST.P
Compiling C.P
Compiling CASH-RCT.P
Compiling CHG-SYSC.P
Compiling CNT-ADD.P
Compiling CNT-CHG.P
Compiling CNTR-ADD.P
Compiling CNTR-CHG.P
Compiling CNVRT01.P
Compiling CO-MENU.P
Compiling CON-CUST.P
Compiling CON-DEL.P
Compiling CON-MAIL.P
Compiling CON-RPT.P
Compiling CONVERT1.P
Compiling CONVERT2.P
Compiling CONVERT3.P
Compiling CRE-SYSC.P
Compiling DayOfWeek.p
Compiling del-pro.P
Compiling DELETE.P
Compiling DELETE9.P
Compiling DELTALL.P
Compiling DIS-SYSC.P
Compiling DLOUT-69.P
Compiling DV-MENU.P
Compiling EMP-UPD.P
Compiling FMXDATE.P
Compiling FMXDEL.P
Compiling gary1.p
Compiling gary2.p
Compiling GARY69.P
Compiling GARZON.P
Compiling GET-CO.P
Compiling IN-ADD.P
Compiling IN-ADDP.P
Compiling IN-CHG.P
Compiling IN-CHGP.P
Compiling IN-CRE.P
Compiling IN-CREP.P
Compiling IN-DEL.P
Compiling IN-DELP.P
Compiling IN-PRO.P
Compiling IN-PROP.P
Compiling IN-REPRO.P
Compiling IN-REPRP.P
Compiling IN-RPT.P
Compiling IN-RPTP.P
Compiling IN-TRF.P
Compiling IN-TRFP.P
Compiling IN1PROPL.P
Compiling IN2PROPL.P
Compiling IND-ADD.P
Compiling IND-ADDP.P
Compiling IND-CHG.P
Compiling IND-CHGP.P
Compiling IND-DEL.P
Compiling IND-DELP.P
Compiling INMAIN.P
Compiling INVOICE1.P
Compiling INVOICE7.P
Compiling inwain.p
Compiling JAXX1.P
Compiling JEFF.P
Compiling LOGIN.P
Compiling MAINMENU.P
Compiling maria-rpt.p
Compiling maria01.p
Compiling missingweeks.p
Compiling MONA.P
Compiling NTYPE.P
Compiling P07-04.P
Compiling PAY-CALC.P
Compiling PEACH.P
Compiling PERMIS.P
Compiling PL-MAIL.P
Compiling PL-RPT.P
Compiling PLD-ADD.P
Compiling Pld-chg.p
WARNING: Executable statement at line 212 of file C:\Psg-Prog\pld-chg.i will not be reached. (15090)
Compiling PLMAIN.P
Compiling PLP-ADD.P
Compiling PLP-CHG.P
Compiling POSTING.P
Compiling PR-WEEK.P
Compiling PRINT.P
Compiling PRO-CUST.P
Compiling PRO-DEL.P
Compiling PRO189.P
Compiling PROCLINT.P
Compiling PROP-SRC.P
Compiling PROPSL7.P
Compiling REMV1.P
Compiling REMV2.P
Compiling REMV3.P
Compiling REX.P
Compiling REX1.P
Compiling SALE-ADD.P
Compiling SALE-MNT.P
Compiling SECADM.P
Compiling SETUPMEN.P
Compiling SMTP_Code_Example.p
Compiling SPC-ADD.P
Compiling TEST-DAT.P
Compiling TEST.P
Compiling TESTDATE.P
Compiling TESTEE.P
Compiling TICKET1.P
Compiling TICKET2.P
Compiling TIMER.P
Compiling tk-5thwk.p
Compiling TK-ADD-new.P
Compiling TK-ADD-old.P
Compiling TK-ADD.P
Compiling TK-ADDJ.P
Compiling TK-ADDPR.P
Compiling TK-ADDR-new (2).P
Compiling TK-ADDR-NEW.P
Compiling TK-ADDR-old.P
Compiling TK-ADDR.P
Compiling TK-ADDRP.P
Compiling TK-CHG.P
Compiling TK-CLEN.P
Compiling TK-COMP.P
Compiling TK-CRE.P
Compiling TK-CREJ.P
Compiling TK-CREPR.P
Compiling TK-CRER-NEW.P
Compiling TK-CRER-old.P
Compiling TK-CRER.P
Compiling TK-CREW.P
Compiling TK-DEL.P
Compiling TK-DELTK.P
Compiling TK-DLOUT.P
Compiling TK-INC.P
Compiling TK-LAST.P
Compiling TK-LASTP.P
Compiling TK-METAR.P
Compiling TK-METRP.P
Compiling TK-PR1.P
Compiling TK-PR1P.P
Compiling TK-PR2.P
Compiling TK-PR2P.P
Compiling TK-PRO.P
Compiling TK-REP.P
Compiling TK-REPJ.P
Compiling TK-REPR-NEW.P
Compiling TK-REPR.P
Compiling TK-REPRP.P
Compiling TK-RET.p
WARNING: Executable statement at line 109 of file C:\Psg-Prog\TK-RET.p will not be reached. (15090)
Compiling TK-RETC.P
Compiling TK-RNG.P
Compiling TK-RVSR.P
Compiling TK-SPEC.P
Compiling TK-SPECP.P
Compiling TK-WOMP.P
Compiling TKC-CRER.P
Compiling TKMAIN.P
Compiling tkwain.p
Compiling TRANPROP.P
Compiling TRANPRP7.P
Compiling TRANPRP9.P
Compiling wadd.p
Compiling waddr.p
Compiling wchg.p
Compiling wcomp.p
Compiling wcre.p
Compiling wcrer.p
Compiling wdel.p
Compiling wdlout.p
Compiling wdlsub.p
Compiling wdlwsub.p
Compiling wgary.p
Compiling win-cre.p
Compiling win-pro.p
Compiling win-repro.p
Compiling win-rpt.p
Compiling win-trf.p
Compiling wind-add.p
Compiling wind-chg.p
Compiling wpro.p
Compiling wrep.p
Compiling wrepr.p
Compiling wret.p
WARNING: Executable statement at line 114 of file C:\Psg-Prog\wret.p will not be reached. (15090)
Compiling wrvsr.p
Compiling wwomp.p
Compiling ZIRCON1.P
Compiling ZIRCON2.P
19:06:07 Looking for .git\*.p in C:\Psg-Prog
19:06:08 Looking for .git\hooks\*.p in C:\Psg-Prog
19:06:08 Looking for .git\info\*.p in C:\Psg-Prog
19:06:08 Looking for .git\logs\*.p in C:\Psg-Prog
19:06:08 Looking for .git\logs\refs\*.p in C:\Psg-Prog
19:06:08 Looking for .git\logs\refs\heads\*.p in C:\Psg-Prog
19:06:08 Looking for .git\logs\refs\remotes\*.p in C:\Psg-Prog
19:06:08 Looking for .git\logs\refs\remotes\origin\*.p in C:\Psg-Prog
19:06:08 Looking for .git\objects\*.p in C:\Psg-Prog
19:06:08 Looking for .git\objects\06\*.p in C:\Psg-Prog
19:06:08 Looking for .git\objects\0b\*.p in C:\Psg-Prog
19:06:08 Looking for .git\objects\1e\*.p in C:\Psg-Prog
19:06:08 Looking for .git\objects\20\*.p in C:\Psg-Prog
19:06:08 Looking for .git\objects\23\*.p in C:\Psg-Prog
19:06:08 Looking for .git\objects\2c\*.p in C:\Psg-Prog
19:06:08 Looking for .git\objects\36\*.p in C:\Psg-Prog
19:06:08 Looking for .git\objects\41\*.p in C:\Psg-Prog
19:06:08 Looking for .git\objects\44\*.p in C:\Psg-Prog
19:06:08 Looking for .git\objects\47\*.p in C:\Psg-Prog
19:06:08 Looking for .git\objects\49\*.p in C:\Psg-Prog
19:06:08 Looking for .git\objects\4c\*.p in C:\Psg-Prog
19:06:08 Looking for .git\objects\52\*.p in C:\Psg-Prog
19:06:08 Looking for .git\objects\60\*.p in C:\Psg-Prog
19:06:08 Looking for .git\objects\67\*.p in C:\Psg-Prog
19:06:08 Looking for .git\objects\68\*.p in C:\Psg-Prog
19:06:08 Looking for .git\objects\6d\*.p in C:\Psg-Prog
19:06:08 Looking for .git\objects\79\*.p in C:\Psg-Prog
19:06:08 Looking for .git\objects\7a\*.p in C:\Psg-Prog
19:06:08 Looking for .git\objects\8e\*.p in C:\Psg-Prog
19:06:08 Looking for .git\objects\8f\*.p in C:\Psg-Prog
19:06:08 Looking for .git\objects\a8\*.p in C:\Psg-Prog
19:06:08 Looking for .git\objects\c0\*.p in C:\Psg-Prog
19:06:08 Looking for .git\objects\cb\*.p in C:\Psg-Prog
19:06:08 Looking for .git\objects\cf\*.p in C:\Psg-Prog
19:06:08 Looking for .git\objects\d1\*.p in C:\Psg-Prog
19:06:08 Looking for .git\objects\d5\*.p in C:\Psg-Prog
19:06:08 Looking for .git\objects\e5\*.p in C:\Psg-Prog
19:06:08 Looking for .git\objects\fb\*.p in C:\Psg-Prog
19:06:08 Looking for .git\objects\info\*.p in C:\Psg-Prog
19:06:08 Looking for .git\objects\pack\*.p in C:\Psg-Prog
19:06:09 Looking for .git\refs\*.p in C:\Psg-Prog
19:06:09 Looking for .git\refs\heads\*.p in C:\Psg-Prog
19:06:09 Looking for .git\refs\remotes\*.p in C:\Psg-Prog
19:06:09 Looking for .git\refs\remotes\origin\*.p in C:\Psg-Prog
19:06:09 Looking for .git\refs\tags\*.p in C:\Psg-Prog
19:06:09 Looking for database files\*.p in C:\Psg-Prog
19:06:09 Looking for Deprecated\*.p in C:\Psg-Prog
Compiling Deprecated\TK-DLLOC.P
Compiling Deprecated\TK-DLSUB.P
19:06:09 Looking for include\*.p in C:\Psg-Prog
19:06:09 Looking for Old versions\*.p in C:\Psg-Prog
Compiling Old versions\PLMAIN.P
19:06:10 Looking for propsl\*.p in C:\Psg-Prog
Compiling propsl\exportprices.p
19:06:10 Looking for samples\*.p in C:\Psg-Prog
19:06:10 Looking for samples\jpgs\*.p in C:\Psg-Prog
19:06:10 Looking for samples\src\*.p in C:\Psg-Prog
Compiling samples\src\convert_print.p
Compiling samples\src\no_sliberr.p
Compiling samples\src\slow_activex.p
Unknown or ambiguous table Customer. (725)
** C:\Psg-Prog\samples\src\slow_activex.p Could not understand line 72. (196)
19:06:10 Looking for samples\src\excel\*.p in C:\Psg-Prog
Compiling samples\src\excel\create_template.p
Unknown or ambiguous table Item. (725)
** C:\Psg-Prog\samples\src\excel\create_template.p Could not understand line 32. (196)
Compiling samples\src\excel\create_template_dataset.p
Unknown or ambiguous table Customer. (725)
** C:\Psg-Prog\samples\src\excel\create_template_dataset.p Could not understand line 22. (196)
Compiling samples\src\excel\create_template_multi_tt_v9.p
Unknown or ambiguous table item. (725)
** C:\Psg-Prog\samples\src\excel\create_template_multi_tt_v9.p Could not understand line 54. (196)
Compiling samples\src\excel\create_template_ttmeta.p
Unknown or ambiguous table Customer. (725)
** C:\Psg-Prog\samples\src\excel\create_template_ttmeta.p Could not understand line 22. (196)
Compiling samples\src\excel\cut_paste_basic.p
Compiling samples\src\excel\cut_paste_pic.p
Unknown or ambiguous table item. (725)
** C:\Psg-Prog\samples\src\excel\cut_paste_pic.p Could not understand line 80. (196)
Compiling samples\src\excel\header_lines.p
Unknown or ambiguous table Item. (725)
** C:\Psg-Prog\samples\src\excel\header_lines.p Could not understand line 30. (196)
Compiling samples\src\excel\replace_basic.p
Unknown or ambiguous table item. (725)
Could not find buffer item in object reference. (7381)
** C:\Psg-Prog\samples\src\excel\replace_basic.p Could not understand line 55. (196)
Compiling samples\src\excel\replace_chart.p
Unknown or ambiguous table SalesRep. (725)
** C:\Psg-Prog\samples\src\excel\replace_chart.p Could not understand line 45. (196)
Compiling samples\src\excel\replace_filter.p
Unknown or ambiguous table Customer. (725)
** C:\Psg-Prog\samples\src\excel\replace_filter.p Could not understand line 30. (196)
Compiling samples\src\excel\replace_pivot.p
Unknown or ambiguous table Customer. (725)
** C:\Psg-Prog\samples\src\excel\replace_pivot.p Could not understand line 30. (196)
19:06:11 Looking for samples\templates\*.p in C:\Psg-Prog
19:06:11 Looking for slib\*.p in C:\Psg-Prog
Compiling slib\getbarcode128b.p
Compiling slib\slibbidi_ansi.p
Compiling slib\slibbidi_win9x.p
Compiling slib\slibdate.p
Compiling slib\sliberr.p
Compiling slib\slibimg.p
Compiling slib\slibinfozip.p
Compiling slib\slibmath.p
Compiling slib\slibos.p
Compiling slib\slibpro.p
Compiling slib\slibstr.p
Compiling slib\slibunix.p
Compiling slib\slibwin.p
Compiling slib\slibxml.p
Compiling slib\start-slib.p
19:06:14 Looking for slib\bin\*.p in C:\Psg-Prog
19:06:14 Looking for slibooxml\*.p in C:\Psg-Prog
Compiling slibooxml\slibdocx.p
Compiling slibooxml\slibooxml.p
Compiling slibooxml\slibooxmltxt.p
Compiling slibooxml\slibxlsx.p
Compiling slibooxml\slibxlsxext.p
19:06:16 Looking for Template\*.p in C:\Psg-Prog
19:06:17 Looking for Template\old\*.p in C:\Psg-Prog
19:06:17 Looking for tim work\*.p in C:\Psg-Prog
Compiling tim work\ADDRESS_REPORT.P
Compiling tim work\ADDRESS_REPORT2.P
Compiling tim work\qb research.p
Compiling tim work\routechg.p
Compiling tim work\Texas Propsls additional 2.p
Compiling tim work\Texas Propsls additional.p
Compiling tim work\TExas Propsls.p
Compiling tim work\ticket research.p
Compiling tim work\TicketsDelete.p
Compiling tim work\WeeklyTicketsCompile.p
19:06:17 Looking for util\*.p in C:\Psg-Prog
Compiling util\ADDRESSREPORT2.P
Compiling util\BigSearchPopulate.p
Compiling util\FreqUpdate.P
Compiling util\propath.p
Compiling util\syntax.p
19:06:18 Looking for *.w in C:\Psg-Prog
Compiling PropslExp.w
19:06:19 Looking for .git\*.w in C:\Psg-Prog
19:06:19 Looking for .git\hooks\*.w in C:\Psg-Prog
19:06:19 Looking for .git\info\*.w in C:\Psg-Prog
19:06:19 Looking for .git\logs\*.w in C:\Psg-Prog
19:06:19 Looking for .git\logs\refs\*.w in C:\Psg-Prog
19:06:19 Looking for .git\logs\refs\heads\*.w in C:\Psg-Prog
19:06:19 Looking for .git\logs\refs\remotes\*.w in C:\Psg-Prog
19:06:19 Looking for .git\logs\refs\remotes\origin\*.w in C:\Psg-Prog
19:06:19 Looking for .git\objects\*.w in C:\Psg-Prog
19:06:19 Looking for .git\objects\06\*.w in C:\Psg-Prog
19:06:19 Looking for .git\objects\0b\*.w in C:\Psg-Prog
19:06:19 Looking for .git\objects\1e\*.w in C:\Psg-Prog
19:06:19 Looking for .git\objects\20\*.w in C:\Psg-Prog
19:06:19 Looking for .git\objects\23\*.w in C:\Psg-Prog
19:06:19 Looking for .git\objects\2c\*.w in C:\Psg-Prog
19:06:19 Looking for .git\objects\36\*.w in C:\Psg-Prog
19:06:19 Looking for .git\objects\41\*.w in C:\Psg-Prog
19:06:19 Looking for .git\objects\44\*.w in C:\Psg-Prog
19:06:19 Looking for .git\objects\47\*.w in C:\Psg-Prog
19:06:19 Looking for .git\objects\49\*.w in C:\Psg-Prog
19:06:20 Looking for .git\objects\4c\*.w in C:\Psg-Prog
19:06:20 Looking for .git\objects\52\*.w in C:\Psg-Prog
19:06:20 Looking for .git\objects\60\*.w in C:\Psg-Prog
19:06:20 Looking for .git\objects\67\*.w in C:\Psg-Prog
19:06:20 Looking for .git\objects\68\*.w in C:\Psg-Prog
19:06:20 Looking for .git\objects\6d\*.w in C:\Psg-Prog
19:06:20 Looking for .git\objects\79\*.w in C:\Psg-Prog
19:06:20 Looking for .git\objects\7a\*.w in C:\Psg-Prog
19:06:20 Looking for .git\objects\8e\*.w in C:\Psg-Prog
19:06:20 Looking for .git\objects\8f\*.w in C:\Psg-Prog
19:06:20 Looking for .git\objects\a8\*.w in C:\Psg-Prog
19:06:20 Looking for .git\objects\c0\*.w in C:\Psg-Prog
19:06:20 Looking for .git\objects\cb\*.w in C:\Psg-Prog
19:06:20 Looking for .git\objects\cf\*.w in C:\Psg-Prog
19:06:20 Looking for .git\objects\d1\*.w in C:\Psg-Prog
19:06:20 Looking for .git\objects\d5\*.w in C:\Psg-Prog
19:06:20 Looking for .git\objects\e5\*.w in C:\Psg-Prog
19:06:20 Looking for .git\objects\fb\*.w in C:\Psg-Prog
19:06:20 Looking for .git\objects\info\*.w in C:\Psg-Prog
19:06:20 Looking for .git\objects\pack\*.w in C:\Psg-Prog
19:06:20 Looking for .git\refs\*.w in C:\Psg-Prog
19:06:20 Looking for .git\refs\heads\*.w in C:\Psg-Prog
19:06:20 Looking for .git\refs\remotes\*.w in C:\Psg-Prog
19:06:20 Looking for .git\refs\remotes\origin\*.w in C:\Psg-Prog
19:06:20 Looking for .git\refs\tags\*.w in C:\Psg-Prog
19:06:20 Looking for database files\*.w in C:\Psg-Prog
19:06:20 Looking for Deprecated\*.w in C:\Psg-Prog
19:06:21 Looking for include\*.w in C:\Psg-Prog
19:06:21 Looking for Old versions\*.w in C:\Psg-Prog
19:06:21 Looking for propsl\*.w in C:\Psg-Prog
19:06:21 Looking for samples\*.w in C:\Psg-Prog
19:06:21 Looking for samples\jpgs\*.w in C:\Psg-Prog
19:06:21 Looking for samples\src\*.w in C:\Psg-Prog
19:06:21 Looking for samples\src\excel\*.w in C:\Psg-Prog
19:06:21 Looking for samples\templates\*.w in C:\Psg-Prog
19:06:21 Looking for slib\*.w in C:\Psg-Prog
19:06:22 Looking for slib\bin\*.w in C:\Psg-Prog
19:06:22 Looking for slibooxml\*.w in C:\Psg-Prog
19:06:22 Looking for Template\*.w in C:\Psg-Prog
19:06:22 Looking for Template\old\*.w in C:\Psg-Prog
19:06:22 Looking for tim work\*.w in C:\Psg-Prog
19:06:22 Looking for util\*.w in C:\Psg-Prog
Compiling util\CustSearch.w
19:06:23 Looking for *.cls in C:\Psg-Prog
19:06:24 Looking for .git\*.cls in C:\Psg-Prog
19:06:24 Looking for .git\hooks\*.cls in C:\Psg-Prog
19:06:24 Looking for .git\info\*.cls in C:\Psg-Prog
19:06:24 Looking for .git\logs\*.cls in C:\Psg-Prog
19:06:24 Looking for .git\logs\refs\*.cls in C:\Psg-Prog
19:06:24 Looking for .git\logs\refs\heads\*.cls in C:\Psg-Prog
19:06:24 Looking for .git\logs\refs\remotes\*.cls in C:\Psg-Prog
19:06:24 Looking for .git\logs\refs\remotes\origin\*.cls in C:\Psg-Prog
19:06:24 Looking for .git\objects\*.cls in C:\Psg-Prog
19:06:24 Looking for .git\objects\06\*.cls in C:\Psg-Prog
19:06:24 Looking for .git\objects\0b\*.cls in C:\Psg-Prog
19:06:24 Looking for .git\objects\1e\*.cls in C:\Psg-Prog
19:06:24 Looking for .git\objects\20\*.cls in C:\Psg-Prog
19:06:24 Looking for .git\objects\23\*.cls in C:\Psg-Prog
19:06:24 Looking for .git\objects\2c\*.cls in C:\Psg-Prog
19:06:24 Looking for .git\objects\36\*.cls in C:\Psg-Prog
19:06:24 Looking for .git\objects\41\*.cls in C:\Psg-Prog
19:06:24 Looking for .git\objects\44\*.cls in C:\Psg-Prog
19:06:24 Looking for .git\objects\47\*.cls in C:\Psg-Prog
19:06:24 Looking for .git\objects\49\*.cls in C:\Psg-Prog
19:06:24 Looking for .git\objects\4c\*.cls in C:\Psg-Prog
19:06:24 Looking for .git\objects\52\*.cls in C:\Psg-Prog
19:06:24 Looking for .git\objects\60\*.cls in C:\Psg-Prog
19:06:24 Looking for .git\objects\67\*.cls in C:\Psg-Prog
19:06:24 Looking for .git\objects\68\*.cls in C:\Psg-Prog
19:06:24 Looking for .git\objects\6d\*.cls in C:\Psg-Prog
19:06:24 Looking for .git\objects\79\*.cls in C:\Psg-Prog
19:06:24 Looking for .git\objects\7a\*.cls in C:\Psg-Prog
19:06:24 Looking for .git\objects\8e\*.cls in C:\Psg-Prog
19:06:24 Looking for .git\objects\8f\*.cls in C:\Psg-Prog
19:06:24 Looking for .git\objects\a8\*.cls in C:\Psg-Prog
19:06:24 Looking for .git\objects\c0\*.cls in C:\Psg-Prog
19:06:24 Looking for .git\objects\cb\*.cls in C:\Psg-Prog
19:06:24 Looking for .git\objects\cf\*.cls in C:\Psg-Prog
19:06:24 Looking for .git\objects\d1\*.cls in C:\Psg-Prog
19:06:24 Looking for .git\objects\d5\*.cls in C:\Psg-Prog
19:06:24 Looking for .git\objects\e5\*.cls in C:\Psg-Prog
19:06:25 Looking for .git\objects\fb\*.cls in C:\Psg-Prog
19:06:25 Looking for .git\objects\info\*.cls in C:\Psg-Prog
19:06:25 Looking for .git\objects\pack\*.cls in C:\Psg-Prog
19:06:25 Looking for .git\refs\*.cls in C:\Psg-Prog
19:06:25 Looking for .git\refs\heads\*.cls in C:\Psg-Prog
19:06:25 Looking for .git\refs\remotes\*.cls in C:\Psg-Prog
19:06:25 Looking for .git\refs\remotes\origin\*.cls in C:\Psg-Prog
19:06:25 Looking for .git\refs\tags\*.cls in C:\Psg-Prog
19:06:25 Looking for database files\*.cls in C:\Psg-Prog
19:06:25 Looking for Deprecated\*.cls in C:\Psg-Prog
19:06:25 Looking for include\*.cls in C:\Psg-Prog
19:06:25 Looking for Old versions\*.cls in C:\Psg-Prog
19:06:25 Looking for propsl\*.cls in C:\Psg-Prog
19:06:25 Looking for samples\*.cls in C:\Psg-Prog
19:06:25 Looking for samples\jpgs\*.cls in C:\Psg-Prog
19:06:26 Looking for samples\src\*.cls in C:\Psg-Prog
19:06:26 Looking for samples\src\excel\*.cls in C:\Psg-Prog
19:06:26 Looking for samples\templates\*.cls in C:\Psg-Prog
19:06:26 Looking for slib\*.cls in C:\Psg-Prog
19:06:26 Looking for slib\bin\*.cls in C:\Psg-Prog
19:06:26 Looking for slibooxml\*.cls in C:\Psg-Prog
19:06:26 Looking for Template\*.cls in C:\Psg-Prog
19:06:27 Looking for Template\old\*.cls in C:\Psg-Prog
19:06:27 Looking for tim work\*.cls in C:\Psg-Prog
19:06:27 Looking for util\*.cls in C:\Psg-Prog
