
P-TYPE S-TYPE COMP# DIV#      CUST#    PROPSL# ITEM#
------ ------ ----- ---- ---------- ---------- -----
                  4    1       1894       3472     3
TU                4    1       2603       5541     2
TU                4    1       2603       5541     7
TU                4    1       2603       5541     9
TU                4    1       2603       5541    14
TU                4    1       2615       5586     8
tu                4    1       2797       6076     4
tu                4    1       2797       6076     7
tu                4    1       2798       6077     7
TU                4    1       2799       6078     2
tu                4    1       2799       6078     5
TU                4    1       2799       6078     9
TU                4    1       2935       6529    17
POL               4    1       3443       8098     2
POL               4    1       3443       8098     3
POL               4    1       3443       8098     4
POL               4    1       3443       8098     5
POL               4    1       3443       8098     6
POL               4    1       3443       8098     9
COT               4    1       3443       8098    12
POL               4    1       3443       8098    13
POL               4    1       3443       8098    14
TU                4    1       3767       9147     2
TU                4    1       3767       9147     4
TU                4    1       3769       9148     2
TU                4    1       3769       9148     5
TU                4    1       3769       9148     8
TU                4    1       3888       9471     2
SPL               4    1       3888       9471     8
SPL               4    1       3905       9506     5
TU                4    1       4349      10661     4
TU                4    1       4349      10661     4
TU                4    1       4349      10661     4
TU                4    1       4349      10661     4
TU                4    1       4349      10661     4
TU                4    1       4349      10661     6
TU                4    1       4349      10661     9
TU                4    1       4349      10661    12
TU                4    1       4349      10661    15
TU                4    1       4349      10661    18
TU                4    1       4349      10661    19
TU                4    1       4349      10662     5
TU                4    1       4349      10662     7
TU                4    1       4349      10663     3
TU                4    1       4349      10663     6
TU                4    1       4349      10663     9
TU                4    1       4349      10663    12
TU                4    1       4349      10663    15
TU                4    1       4349      10664     7
TU                4    1       4349      10664    10
TU                4    1       4349      10664    15
TU                4    1       4349      10664    18
TU                4    1       4349      10664    21
DC                4    1       4350      10730     1
