A-LIST.P
A.P
AR-ACTIV.P
AR-ADD.P
AR-ADDP.P
AR-AGE.P
AR-CHG.P
AR-CHGP.P
AR-COM.P
AR-DEL.P
AR-DELHS.P
AR-DELP.P
AR-INQ.P
AR-POST.P
AR-RDEX.P
AR-RDEXP.P
AR-ROLL.P
AR-RPT.P
AR-STATE.P
AR-SUB.P
AR-TRF.P
AR-TRIAL.P
AR-WINQ.P
AR-YEND.P
ARMAIN.P
C-LIST.P
C.P
CASH-RCT.P
CHG-SYSC.P
CNT-ADD.P
CNT-CHG.P
CNTR-ADD.P
CNTR-CHG.P
CO-MENU.P
CON-CUST.P
CON-DEL.P
CON-MAIL.P
CON-RPT.P
CRE-SYSC.P
DIS-SYSC.P
DV-MENU.P
EMP-UPD.P
FMXDATE.P
FMXDEL.P
GARY69.P
GARZON.P
GET-CO.P
IN-ADD.P
IN-ADDP.P
IN-CHG.P
IN-CHGP.P
IN-CRE.P
IN-CREP.P
IN-DEL.P
IN-DELP.P
IN-PRO.P
IN-PROP.P
IN-REPRO.P
IN-REPRP.P
IN-RPT.P
IN-RPTP.P
IN-TRF.P
IN-TRFP.P
IN1PROPL.P
IN2PROPL.P
IND-ADD.P
IND-ADDP.P
IND-CHG.P
IND-CHGP.P
IND-DEL.P
IND-DELP.P
INMAIN.P
INVOICE1.P
JEFF.P
MAINMENU.P
MONA.P
NTYPE.P
P07-04.P
PAY-CALC.P
PERMIS.P
PL-MAIL.P
PL-RPT.P
PLD-ADD.P
PLD-CHG.P
PLMAIN.P
PLP-ADD.P
PLP-CHG.P
POSTING.P
PR-WEEK.P
PRINT.P
PRO-CUST.P
PRO-DEL.P
PROLOST.P
PROP-SRC.P
REMV1.P
REMV2.P
REMV3.P
REX.P
REX1.P
SALE-ADD.P
SALE-MNT.P
SECADM.P
SETUPMEN.P
SPC-ADD.P
TEST-DAT.P
TEST.P
TESTDATE.P
TESTEE.P
TICKET1.P
TICKET2.P
TIMER.P
TK-ADD.P
TK-ADDJ.P
TK-ADDPR.P
TK-ADDR.P
TK-ADDRP.P
TK-CHG.P
TK-CLEN.P
TK-COMP.P
TK-CRE.P
TK-CREJ.P
TK-CREPR.P
TK-CRER.P
TK-DEL.P
TK-DELTK.P
TK-DLLOC.P
TK-DLOUT.P
TK-DLSUB.P
TK-INC.P
TK-LAST.P
TK-LASTP.P
TK-METAR.P
TK-METRP.P
TK-PR1.P
TK-PR1P.P
TK-PR2.P
TK-PR2P.P
TK-PRO.P
TK-REP.P
TK-REPJ.P
TK-REPR.P
TK-REPRP.P
TK-RET.P
TK-RETC.P
TK-RNG.P
TK-RVSR.P
TK-SPEC.P
TK-SPECP.P
TK-WOMP.P
TKC-CRER.P
TKMAIN.P
ZIRCON1.P
ZIRCON2.P
